# argv: ['/home/pablo/espacio_trabajo/VSLAM-Rework/notebooks-rework/run_ucs_baseline.py', '--domain', 'driverlog', '--problem', 'problems/problem-12.pddl', '--benchmarks-root', '/home/pablo/espacio_trabajo/VSLAM-Rework/new_benchmarks', '--results-root', '/home/pablo/espacio_trabajo/VSLAM-Rework/results_blind']
# log_file: /media/datos/pablo/VSLAM-Rework/results_blind/driverlog/problem-12.log
# start_utc: 2026-04-14T20:28:59.360Z
method: blind_ucs_gt_applicable max_expansions=500000 max_wall_sec=5400.0
domain_file: /media/datos/pablo/VSLAM-Rework/new_benchmarks/driverlog/domain_original.pddl
problem_file: /media/datos/pablo/VSLAM-Rework/new_benchmarks/driverlog/problems/problem-12.pddl
Loaded: domain_original.pddl + problem-12.pddl

[ucs]
{
  "outcome": "SOLVED",
  "wall_time_sec": 411.3588417568244,
  "max_expansions": 500000,
  "max_wall_sec": 5400.0,
  "metric": "none_implicit_unit_cost",
  "optimal_cost": 16.0,
  "expansions": 81191,
  "iterations": 81192,
  "nodes_generated": 94845
}

[gt_replay]
{
  "executable": true,
  "goal_reached": true,
  "steps_executed": 16,
  "reason": null
}

[sound model post-loop] plan_found=True goal_on_gt=True
[online loop] wall 411.359s  (outer iterations=0, stop_reason='ucs', goal_reached=True)
[stop] ucs: outcome='SOLVED' executable=True reason=None
# end_utc: 2026-04-14T20:35:50.800Z
