# argv: ['/home/pablo/espacio_trabajo/VSLAM-Rework/notebooks-rework/loop_no_start.py', '--domain', 'miconic', '--problem', 'problems/problem-06.pddl', '--benchmarks-root', '/home/pablo/espacio_trabajo/VSLAM-Rework/new_benchmarks', '--results-root', '/home/pablo/espacio_trabajo/VSLAM-Rework/results_tiny_no_restart']
# log_file: /media/datos/pablo/VSLAM-Rework/results_tiny_no_restart/miconic/problem-06.log
# start_utc: 2026-04-15T10:38:51Z
Loaded: domain_original.pddl + problem-06.pddl
[timing] initial UP export (consistent_border_split): 0.0015s  |  inject: 0.0001s
Planning actions (consistent_border_split): 24
[carry] planning from previous iteration last valid state
[carry] planning from previous iteration last valid state
[carry] planning from previous iteration last valid state
[carry] planning from previous iteration last valid state
[carry] planning from previous iteration last valid state
[carry] planning from previous iteration last valid state
[carry] planning from previous iteration last valid state
[carry] planning from previous iteration last valid state
[carry] planning from previous iteration last valid state
[carry] planning from previous iteration last valid state
[carry] planning from previous iteration last valid state
[carry] planning from previous iteration last valid state
[carry] planning from previous iteration last valid state
[carry] planning from previous iteration last valid state
[carry] planning from previous iteration last valid state
[carry] planning from previous iteration last valid state
[carry] planning from previous iteration last valid state
[carry] planning from previous iteration last valid state
[carry] planning from previous iteration last valid state
[carry] planning from previous iteration last valid state
[carry] planning from previous iteration last valid state
[demos_processed] {"negative_total": 21, "per_action": {"board": {"negative": 5, "positive": 4}, "depart": {"negative": 12, "positive": 4}, "down": {"negative": 3, "positive": 4}, "up": {"negative": 1, "positive": 5}}, "positive_total": 17}
[sound_complete_convergence] {"domain_action_count": 4, "converged_action_count": 0, "per_action": {"board": {"converged": false, "collapsed": false, "frontier_u_pre": 1, "frontier_l_pre": 1, "eff_gap_literals": 2, "n_pre_interval": 32, "n_eff_proxy": 4}, "depart": {"converged": false, "collapsed": false, "frontier_u_pre": 1, "frontier_l_pre": 1, "eff_gap_literals": 1, "n_pre_interval": 16, "n_eff_proxy": 2}, "up": {"converged": false, "collapsed": false, "frontier_u_pre": 1, "frontier_l_pre": 1, "eff_gap_literals": 0, "n_pre_interval": 8, "n_eff_proxy": 1}, "down": {"converged": false, "collapsed": false, "frontier_u_pre": 4, "frontier_l_pre": 1, "eff_gap_literals": 0, "n_pre_interval": 9, "n_eff_proxy": 1}}, "criterion": "compute_version_space_size"}
[sound model post-loop] plan_found=True goal_on_gt=True
[online loop] wall 5.553s  (outer iterations=22, stop_reason='goal', goal_reached=True)
[stop] goal: GT state after full simulated plan satisfies PDDL goals
[timing summary] total plan_model_export=0.184s  total plan_solve=5.117s  avg plan_model_export/iter=0.008s  avg plan_solve/iter=0.233s
[summary] {'plan_found': 22, 'plan_found_sound': 1, 'plan_found_border': 21, 'plan_found_complete': 0, 'plan_verified': 1, 'plan_spurious': 21, 'no_plan': 0} learn_steps 38 exported_UP_actions_end 7 (started 24)
# end_utc: 2026-04-15T10:38:57Z
