# argv: ['/home/pablo/espacio_trabajo/VSLAM-Rework/notebooks-rework/loop_no_start.py', '--domain', 'driverlog', '--problem', 'problems/problem-15.pddl', '--benchmarks-root', '/home/pablo/espacio_trabajo/VSLAM-Rework/new_benchmarks', '--results-root', '/home/pablo/espacio_trabajo/VSLAM-Rework/results_tiny_no_restart']
# log_file: /media/datos/pablo/VSLAM-Rework/results_tiny_no_restart/driverlog/problem-15.log
# start_utc: 2026-04-15T10:45:40Z
Loaded: domain_original.pddl + problem-15.pddl
[timing] initial UP export (consistent_border_split): 0.0138s  |  inject: 0.0010s
Planning actions (consistent_border_split): 132
[carry] planning from previous iteration last valid state
[carry] planning from previous iteration last valid state
[carry] planning from previous iteration last valid state
[carry] planning from previous iteration last valid state
[carry] planning from previous iteration last valid state
[carry] planning from previous iteration last valid state
[carry] planning from previous iteration last valid state
[carry] planning from previous iteration last valid state
[carry] planning from previous iteration last valid state
[carry] planning from previous iteration last valid state
[carry] planning from previous iteration last valid state
[carry] planning from previous iteration last valid state
[carry] planning from previous iteration last valid state
[carry] planning from previous iteration last valid state
[carry] planning from previous iteration last valid state
[carry] planning from previous iteration last valid state
[carry] planning from previous iteration last valid state
[carry] planning from previous iteration last valid state
[carry] planning from previous iteration last valid state
[carry] planning from previous iteration last valid state
[carry] planning from previous iteration last valid state
[carry] planning from previous iteration last valid state
[carry] planning from previous iteration last valid state
[carry] planning from previous iteration last valid state
[carry] planning from previous iteration last valid state
[carry] planning from previous iteration last valid state
[carry] planning from previous iteration last valid state
[carry] planning from previous iteration last valid state
[carry] planning from previous iteration last valid state
[carry] planning from previous iteration last valid state
[carry] planning from previous iteration last valid state
[carry] planning from previous iteration last valid state
[carry] planning from previous iteration last valid state
[carry] planning from previous iteration last valid state
[carry] planning from previous iteration last valid state
[carry] planning from previous iteration last valid state
[carry] planning from previous iteration last valid state
[carry] planning from previous iteration last valid state
[carry] planning from previous iteration last valid state
[carry] planning from previous iteration last valid state
[carry] planning from previous iteration last valid state
[carry] planning from previous iteration last valid state
[carry] planning from previous iteration last valid state
[carry] planning from previous iteration last valid state
[carry] planning from previous iteration last valid state
[carry] planning from previous iteration last valid state
[carry] planning from previous iteration last valid state
[carry] planning from previous iteration last valid state
[carry] planning from previous iteration last valid state
[carry] planning from previous iteration last valid state
[carry] planning from previous iteration last valid state
[demos_processed] {"negative_total": 51, "per_action": {"board_truck": {"negative": 4, "positive": 3}, "disembark_truck": {"negative": 5, "positive": 2}, "drive_truck": {"negative": 30, "positive": 6}, "load_truck": {"negative": 4, "positive": 5}, "unload_truck": {"negative": 4, "positive": 5}, "walk": {"negative": 4, "positive": 0}}, "positive_total": 21}
[sound_complete_convergence] {"domain_action_count": 6, "converged_action_count": 0, "per_action": {"load_truck": {"converged": false, "collapsed": false, "frontier_u_pre": 1, "frontier_l_pre": 1, "eff_gap_literals": 1, "n_pre_interval": 2, "n_eff_proxy": 2}, "unload_truck": {"converged": false, "collapsed": false, "frontier_u_pre": 1, "frontier_l_pre": 1, "eff_gap_literals": 1, "n_pre_interval": 2, "n_eff_proxy": 2}, "board_truck": {"converged": false, "collapsed": false, "frontier_u_pre": 1, "frontier_l_pre": 1, "eff_gap_literals": 1, "n_pre_interval": 4, "n_eff_proxy": 2}, "disembark_truck": {"converged": false, "collapsed": false, "frontier_u_pre": 2, "frontier_l_pre": 1, "eff_gap_literals": 1, "n_pre_interval": 6, "n_eff_proxy": 2}, "drive_truck": {"converged": false, "collapsed": false, "frontier_u_pre": 8, "frontier_l_pre": 1, "eff_gap_literals": 4, "n_pre_interval": 360, "n_eff_proxy": 16}, "walk": {"converged": false, "collapsed": false, "frontier_u_pre": 27, "frontier_l_pre": 1, "eff_gap_literals": 4, "n_pre_interval": 2560, "n_eff_proxy": 16}}, "criterion": "compute_version_space_size"}
[sound model post-loop] plan_found=True goal_on_gt=True
[online loop] wall 235.519s  (outer iterations=52, stop_reason='goal', goal_reached=True)
[stop] goal: GT state after full simulated plan satisfies PDDL goals
[timing summary] total plan_model_export=18.110s  total plan_solve=211.876s  avg plan_model_export/iter=0.348s  avg plan_solve/iter=4.075s
[summary] {'plan_found': 52, 'plan_found_sound': 1, 'plan_found_border': 51, 'plan_found_complete': 0, 'plan_verified': 1, 'plan_spurious': 51, 'no_plan': 0} learn_steps 72 exported_UP_actions_end 98 (started 132)
# end_utc: 2026-04-15T10:49:36Z
