# argv: ['/home/pablo/espacio_trabajo/VSLAM-Rework/notebooks-rework/loop_no_start.py', '--domain', 'driverlog', '--problem', 'problems/problem-05.pddl', '--benchmarks-root', '/home/pablo/espacio_trabajo/VSLAM-Rework/new_benchmarks', '--results-root', '/home/pablo/espacio_trabajo/VSLAM-Rework/results_tiny_no_restart']
# log_file: /media/datos/pablo/VSLAM-Rework/results_tiny_no_restart/driverlog/problem-05.log
# start_utc: 2026-04-15T10:40:00Z
Loaded: domain_original.pddl + problem-05.pddl
[timing] initial UP export (consistent_border_split): 0.0128s  |  inject: 0.0010s
Planning actions (consistent_border_split): 132
[carry] planning from previous iteration last valid state
[carry] planning from previous iteration last valid state
[carry] planning from previous iteration last valid state
[carry] planning from previous iteration last valid state
[carry] planning from previous iteration last valid state
[carry] planning from previous iteration last valid state
[carry] planning from previous iteration last valid state
[carry] planning from previous iteration last valid state
[carry] planning from previous iteration last valid state
[carry] planning from previous iteration last valid state
[carry] planning from previous iteration last valid state
[carry] planning from previous iteration last valid state
[carry] planning from previous iteration last valid state
[carry] planning from previous iteration last valid state
[carry] planning from previous iteration last valid state
[carry] planning from previous iteration last valid state
[demos_processed] {"negative_total": 16, "per_action": {"board_truck": {"negative": 3, "positive": 1}, "disembark_truck": {"negative": 1, "positive": 0}, "drive_truck": {"negative": 5, "positive": 3}, "load_truck": {"negative": 2, "positive": 2}, "unload_truck": {"negative": 3, "positive": 2}, "walk": {"negative": 2, "positive": 0}}, "positive_total": 8}
[sound_complete_convergence] {"domain_action_count": 6, "converged_action_count": 0, "per_action": {"load_truck": {"converged": false, "collapsed": false, "frontier_u_pre": 2, "frontier_l_pre": 1, "eff_gap_literals": 1, "n_pre_interval": 6, "n_eff_proxy": 2}, "unload_truck": {"converged": false, "collapsed": false, "frontier_u_pre": 1, "frontier_l_pre": 1, "eff_gap_literals": 2, "n_pre_interval": 8, "n_eff_proxy": 4}, "board_truck": {"converged": false, "collapsed": false, "frontier_u_pre": 4, "frontier_l_pre": 1, "eff_gap_literals": 1, "n_pre_interval": 15, "n_eff_proxy": 2}, "disembark_truck": {"converged": false, "collapsed": false, "frontier_u_pre": 4, "frontier_l_pre": 1, "eff_gap_literals": 8, "n_pre_interval": 240, "n_eff_proxy": 256}, "drive_truck": {"converged": false, "collapsed": false, "frontier_u_pre": 4, "frontier_l_pre": 1, "eff_gap_literals": 4, "n_pre_interval": 480, "n_eff_proxy": 16}, "walk": {"converged": false, "collapsed": false, "frontier_u_pre": 18, "frontier_l_pre": 1, "eff_gap_literals": 4, "n_pre_interval": 3972, "n_eff_proxy": 16}}, "criterion": "compute_version_space_size"}
[sound model post-loop] plan_found=True goal_on_gt=True
[online loop] wall 21.507s  (outer iterations=17, stop_reason='goal', goal_reached=True)
[stop] goal: GT state after full simulated plan satisfies PDDL goals
[timing summary] total plan_model_export=2.167s  total plan_solve=18.554s  avg plan_model_export/iter=0.127s  avg plan_solve/iter=1.091s
[summary] {'plan_found': 17, 'plan_found_sound': 1, 'plan_found_border': 16, 'plan_found_complete': 0, 'plan_verified': 1, 'plan_spurious': 16, 'no_plan': 0} learn_steps 24 exported_UP_actions_end 111 (started 132)
# end_utc: 2026-04-15T10:40:21Z
