# argv: ['/home/pablo/espacio_trabajo/VSLAM-Rework/notebooks-rework/loop_no_start.py', '--domain', 'blocks', '--problem', 'problems/problem-14.pddl', '--benchmarks-root', '/home/pablo/espacio_trabajo/VSLAM-Rework/new_benchmarks', '--results-root', '/home/pablo/espacio_trabajo/VSLAM-Rework/results_tiny_no_restart']
# log_file: /media/datos/pablo/VSLAM-Rework/results_tiny_no_restart/blocks/problem-14.log
# start_utc: 2026-04-15T09:02:45Z
Loaded: domain_original.pddl + problem-14.pddl
[timing] initial UP export (consistent_border_split): 0.1739s  |  inject: 0.0312s
Planning actions (consistent_border_split): 1056
[carry] planning from previous iteration last valid state
[carry] planning from previous iteration last valid state
[carry] planning from previous iteration last valid state
[carry] planning from previous iteration last valid state
[carry] planning from previous iteration last valid state
[carry] planning from previous iteration last valid state
[carry] planning from previous iteration last valid state
[carry] planning from previous iteration last valid state
[carry] planning from previous iteration last valid state
[carry] planning from previous iteration last valid state
[carry] planning from previous iteration last valid state
[carry] planning from previous iteration last valid state
[carry] planning from previous iteration last valid state
[carry] planning from previous iteration last valid state
[carry] planning from previous iteration last valid state
[carry] planning from previous iteration last valid state
[carry] planning from previous iteration last valid state
[carry] planning from previous iteration last valid state
[carry] planning from previous iteration last valid state
[carry] planning from previous iteration last valid state
[carry] planning from previous iteration last valid state
[carry] planning from previous iteration last valid state
[carry] planning from previous iteration last valid state
[carry] planning from previous iteration last valid state
[carry] planning from previous iteration last valid state
[carry] planning from previous iteration last valid state
[carry] planning from previous iteration last valid state
[carry] planning from previous iteration last valid state
[carry] planning from previous iteration last valid state
[carry] planning from previous iteration last valid state
[carry] planning from previous iteration last valid state
[carry] planning from previous iteration last valid state
[carry] planning from previous iteration last valid state
[carry] planning from previous iteration last valid state
[carry] planning from previous iteration last valid state
[carry] planning from previous iteration last valid state
[carry] planning from previous iteration last valid state
[demos_processed] {"negative_total": 37, "per_action": {"pickup": {"negative": 4, "positive": 3}, "putdown": {"negative": 3, "positive": 4}, "stack": {"negative": 18, "positive": 6}, "unstack": {"negative": 12, "positive": 7}}, "positive_total": 20}
[sound_complete_convergence] {"domain_action_count": 4, "converged_action_count": 0, "per_action": {"pickup": {"converged": false, "collapsed": false, "frontier_u_pre": 1, "frontier_l_pre": 1, "eff_gap_literals": 0, "n_pre_interval": 4, "n_eff_proxy": 1}, "putdown": {"converged": false, "collapsed": false, "frontier_u_pre": 2, "frontier_l_pre": 1, "eff_gap_literals": 0, "n_pre_interval": 10, "n_eff_proxy": 1}, "stack": {"converged": false, "collapsed": false, "frontier_u_pre": 1, "frontier_l_pre": 1, "eff_gap_literals": 3, "n_pre_interval": 64, "n_eff_proxy": 8}, "unstack": {"converged": false, "collapsed": false, "frontier_u_pre": 1, "frontier_l_pre": 1, "eff_gap_literals": 3, "n_pre_interval": 32, "n_eff_proxy": 8}}, "criterion": "compute_version_space_size"}
[sound model post-loop] plan_found=True goal_on_gt=True
[online loop] wall 1697.381s  (outer iterations=38, stop_reason='goal', goal_reached=True)
[stop] goal: GT state after full simulated plan satisfies PDDL goals
[timing summary] total plan_model_export=115.658s  total plan_solve=1505.527s  avg plan_model_export/iter=3.044s  avg plan_solve/iter=39.619s
[summary] {'plan_found': 38, 'plan_found_sound': 1, 'plan_found_border': 37, 'plan_found_complete': 0, 'plan_verified': 1, 'plan_spurious': 37, 'no_plan': 0} learn_steps 57 exported_UP_actions_end 5 (started 1056)
# end_utc: 2026-04-15T09:31:03Z
