# argv: ['/home/pablo/espacio_trabajo/VSLAM-Rework/notebooks-rework/loop_no_start.py', '--domain', 'blocks', '--problem', 'problems/problem-13.pddl', '--benchmarks-root', '/home/pablo/espacio_trabajo/VSLAM-Rework/new_benchmarks', '--results-root', '/home/pablo/espacio_trabajo/VSLAM-Rework/results_tiny_no_restart']
# log_file: /media/datos/pablo/VSLAM-Rework/results_tiny_no_restart/blocks/problem-13.log
# start_utc: 2026-04-15T09:02:35Z
Loaded: domain_original.pddl + problem-13.pddl
[timing] initial UP export (consistent_border_split): 0.1770s  |  inject: 0.0315s
Planning actions (consistent_border_split): 1056
[carry] planning from previous iteration last valid state
[carry] planning from previous iteration last valid state
[carry] planning from previous iteration last valid state
[carry] planning from previous iteration last valid state
[carry] planning from previous iteration last valid state
[carry] planning from previous iteration last valid state
[carry] planning from previous iteration last valid state
[carry] planning from previous iteration last valid state
[carry] planning from previous iteration last valid state
[carry] planning from previous iteration last valid state
[carry] planning from previous iteration last valid state
[carry] planning from previous iteration last valid state
[carry] planning from previous iteration last valid state
[carry] planning from previous iteration last valid state
[carry] planning from previous iteration last valid state
[carry] planning from previous iteration last valid state
[carry] planning from previous iteration last valid state
[carry] planning from previous iteration last valid state
[carry] planning from previous iteration last valid state
[carry] planning from previous iteration last valid state
[carry] planning from previous iteration last valid state
[carry] planning from previous iteration last valid state
[carry] planning from previous iteration last valid state
[carry] planning from previous iteration last valid state
[carry] planning from previous iteration last valid state
[carry] planning from previous iteration last valid state
[carry] planning from previous iteration last valid state
[carry] planning from previous iteration last valid state
[carry] planning from previous iteration last valid state
[carry] planning from previous iteration last valid state
[carry] planning from previous iteration last valid state
[carry] planning from previous iteration last valid state
[carry] planning from previous iteration last valid state
[carry] planning from previous iteration last valid state
[carry] planning from previous iteration last valid state
[carry] planning from previous iteration last valid state
[carry] planning from previous iteration last valid state
[carry] planning from previous iteration last valid state
[demos_processed] {"negative_total": 38, "per_action": {"pickup": {"negative": 7, "positive": 7}, "putdown": {"negative": 4, "positive": 9}, "stack": {"negative": 20, "positive": 8}, "unstack": {"negative": 7, "positive": 10}}, "positive_total": 34}
[sound_complete_convergence] {"domain_action_count": 4, "converged_action_count": 0, "per_action": {"pickup": {"converged": false, "collapsed": false, "frontier_u_pre": 1, "frontier_l_pre": 1, "eff_gap_literals": 0, "n_pre_interval": 4, "n_eff_proxy": 1}, "putdown": {"converged": false, "collapsed": false, "frontier_u_pre": 1, "frontier_l_pre": 1, "eff_gap_literals": 0, "n_pre_interval": 8, "n_eff_proxy": 1}, "stack": {"converged": false, "collapsed": false, "frontier_u_pre": 1, "frontier_l_pre": 1, "eff_gap_literals": 3, "n_pre_interval": 64, "n_eff_proxy": 8}, "unstack": {"converged": false, "collapsed": false, "frontier_u_pre": 1, "frontier_l_pre": 1, "eff_gap_literals": 3, "n_pre_interval": 32, "n_eff_proxy": 8}}, "criterion": "compute_version_space_size"}
[sound model post-loop] plan_found=True goal_on_gt=True
[online loop] wall 1105.185s  (outer iterations=39, stop_reason='goal', goal_reached=True)
[stop] goal: GT state after full simulated plan satisfies PDDL goals
[timing summary] total plan_model_export=58.119s  total plan_solve=1015.935s  avg plan_model_export/iter=1.490s  avg plan_solve/iter=26.050s
[summary] {'plan_found': 39, 'plan_found_sound': 0, 'plan_found_border': 39, 'plan_found_complete': 0, 'plan_verified': 1, 'plan_spurious': 38, 'no_plan': 0} learn_steps 72 exported_UP_actions_end 4 (started 1056)
# end_utc: 2026-04-15T09:21:00Z
