# argv: ['/home/pablo/espacio_trabajo/VSLAM-Rework/notebooks-rework/loop_no_start.py', '--domain', 'blocks', '--problem', 'problems/problem-04.pddl', '--benchmarks-root', '/home/pablo/espacio_trabajo/VSLAM-Rework/new_benchmarks', '--results-root', '/home/pablo/espacio_trabajo/VSLAM-Rework/results_tiny_no_restart']
# log_file: /media/datos/pablo/VSLAM-Rework/results_tiny_no_restart/blocks/problem-04.log
# start_utc: 2026-04-15T08:06:10Z
Loaded: domain_original.pddl + problem-04.pddl
[timing] initial UP export (consistent_border_split): 0.1776s  |  inject: 0.0322s
Planning actions (consistent_border_split): 1056
[carry] planning from previous iteration last valid state
[carry] planning from previous iteration last valid state
[carry] planning from previous iteration last valid state
[carry] planning from previous iteration last valid state
[carry] planning from previous iteration last valid state
[carry] planning from previous iteration last valid state
[carry] planning from previous iteration last valid state
[carry] planning from previous iteration last valid state
[carry] planning from previous iteration last valid state
[carry] planning from previous iteration last valid state
[carry] planning from previous iteration last valid state
[carry] planning from previous iteration last valid state
[carry] planning from previous iteration last valid state
[carry] planning from previous iteration last valid state
[carry] planning from previous iteration last valid state
[carry] planning from previous iteration last valid state
[carry] planning from previous iteration last valid state
[carry] planning from previous iteration last valid state
[carry] planning from previous iteration last valid state
[carry] planning from previous iteration last valid state
[carry] planning from previous iteration last valid state
[carry] planning from previous iteration last valid state
[carry] planning from previous iteration last valid state
[carry] planning from previous iteration last valid state
[carry] planning from previous iteration last valid state
[carry] planning from previous iteration last valid state
[carry] planning from previous iteration last valid state
[carry] planning from previous iteration last valid state
[carry] planning from previous iteration last valid state
[carry] planning from previous iteration last valid state
[carry] planning from previous iteration last valid state
[carry] planning from previous iteration last valid state
[carry] planning from previous iteration last valid state
[carry] planning from previous iteration last valid state
[carry] planning from previous iteration last valid state
[carry] planning from previous iteration last valid state
[carry] planning from previous iteration last valid state
[carry] planning from previous iteration last valid state
[carry] planning from previous iteration last valid state
[carry] planning from previous iteration last valid state
[carry] planning from previous iteration last valid state
[carry] planning from previous iteration last valid state
[carry] planning from previous iteration last valid state
[demos_processed] {"negative_total": 43, "per_action": {"pickup": {"negative": 7, "positive": 13}, "putdown": {"negative": 4, "positive": 12}, "stack": {"negative": 25, "positive": 16}, "unstack": {"negative": 7, "positive": 15}}, "positive_total": 56}
[sound_complete_convergence] {"domain_action_count": 4, "converged_action_count": 0, "per_action": {"pickup": {"converged": false, "collapsed": false, "frontier_u_pre": 1, "frontier_l_pre": 1, "eff_gap_literals": 0, "n_pre_interval": 4, "n_eff_proxy": 1}, "putdown": {"converged": false, "collapsed": false, "frontier_u_pre": 1, "frontier_l_pre": 1, "eff_gap_literals": 0, "n_pre_interval": 8, "n_eff_proxy": 1}, "stack": {"converged": false, "collapsed": false, "frontier_u_pre": 1, "frontier_l_pre": 1, "eff_gap_literals": 3, "n_pre_interval": 64, "n_eff_proxy": 8}, "unstack": {"converged": false, "collapsed": false, "frontier_u_pre": 1, "frontier_l_pre": 1, "eff_gap_literals": 3, "n_pre_interval": 32, "n_eff_proxy": 8}}, "criterion": "compute_version_space_size"}
[sound model post-loop] plan_found=True goal_on_gt=True
[online loop] wall 1330.575s  (outer iterations=44, stop_reason='goal', goal_reached=True)
[stop] goal: GT state after full simulated plan satisfies PDDL goals
[timing summary] total plan_model_export=72.640s  total plan_solve=1218.770s  avg plan_model_export/iter=1.651s  avg plan_solve/iter=27.699s
[summary] {'plan_found': 44, 'plan_found_sound': 0, 'plan_found_border': 44, 'plan_found_complete': 0, 'plan_verified': 1, 'plan_spurious': 43, 'no_plan': 0} learn_steps 99 exported_UP_actions_end 4 (started 1056)
# end_utc: 2026-04-15T08:28:21Z
