# argv: ['/home/pablo/espacio_trabajo/VSLAM-Rework/notebooks-rework/loop_no_start.py', '--domain', 'blocks', '--problem', 'problems/problem-00.pddl', '--benchmarks-root', '/home/pablo/espacio_trabajo/VSLAM-Rework/new_benchmarks', '--results-root', '/home/pablo/espacio_trabajo/VSLAM-Rework/results_tiny_no_restart']
# log_file: /media/datos/pablo/VSLAM-Rework/results_tiny_no_restart/blocks/problem-00.log
# start_utc: 2026-04-15T07:45:22Z
Loaded: domain_original.pddl + problem-00.pddl
[timing] initial UP export (consistent_border_split): 0.1759s  |  inject: 0.0309s
Planning actions (consistent_border_split): 1056
[carry] planning from previous iteration last valid state
[carry] planning from previous iteration last valid state
[carry] planning from previous iteration last valid state
[carry] planning from previous iteration last valid state
[carry] planning from previous iteration last valid state
[carry] planning from previous iteration last valid state
[carry] planning from previous iteration last valid state
[carry] planning from previous iteration last valid state
[carry] planning from previous iteration last valid state
[carry] planning from previous iteration last valid state
[carry] planning from previous iteration last valid state
[carry] planning from previous iteration last valid state
[carry] planning from previous iteration last valid state
[carry] planning from previous iteration last valid state
[carry] planning from previous iteration last valid state
[carry] planning from previous iteration last valid state
[carry] planning from previous iteration last valid state
[carry] planning from previous iteration last valid state
[carry] planning from previous iteration last valid state
[carry] planning from previous iteration last valid state
[carry] planning from previous iteration last valid state
[carry] planning from previous iteration last valid state
[carry] planning from previous iteration last valid state
[carry] planning from previous iteration last valid state
[carry] planning from previous iteration last valid state
[carry] planning from previous iteration last valid state
[carry] planning from previous iteration last valid state
[carry] planning from previous iteration last valid state
[carry] planning from previous iteration last valid state
[carry] planning from previous iteration last valid state
[carry] planning from previous iteration last valid state
[carry] planning from previous iteration last valid state
[carry] planning from previous iteration last valid state
[carry] planning from previous iteration last valid state
[carry] planning from previous iteration last valid state
[carry] planning from previous iteration last valid state
[carry] planning from previous iteration last valid state
[carry] planning from previous iteration last valid state
[carry] planning from previous iteration last valid state
[carry] planning from previous iteration last valid state
[carry] planning from previous iteration last valid state
[carry] planning from previous iteration last valid state
[carry] planning from previous iteration last valid state
[carry] planning from previous iteration last valid state
[carry] planning from previous iteration last valid state
[carry] planning from previous iteration last valid state
[carry] planning from previous iteration last valid state
[carry] planning from previous iteration last valid state
[carry] planning from previous iteration last valid state
[carry] planning from previous iteration last valid state
[carry] planning from previous iteration last valid state
[demos_processed] {"negative_total": 51, "per_action": {"pickup": {"negative": 7, "positive": 6}, "putdown": {"negative": 5, "positive": 7}, "stack": {"negative": 26, "positive": 8}, "unstack": {"negative": 13, "positive": 9}}, "positive_total": 30}
[sound_complete_convergence] {"domain_action_count": 4, "converged_action_count": 0, "per_action": {"pickup": {"converged": false, "collapsed": false, "frontier_u_pre": 1, "frontier_l_pre": 1, "eff_gap_literals": 0, "n_pre_interval": 4, "n_eff_proxy": 1}, "putdown": {"converged": false, "collapsed": false, "frontier_u_pre": 1, "frontier_l_pre": 1, "eff_gap_literals": 0, "n_pre_interval": 8, "n_eff_proxy": 1}, "stack": {"converged": false, "collapsed": false, "frontier_u_pre": 1, "frontier_l_pre": 1, "eff_gap_literals": 3, "n_pre_interval": 64, "n_eff_proxy": 8}, "unstack": {"converged": false, "collapsed": false, "frontier_u_pre": 1, "frontier_l_pre": 1, "eff_gap_literals": 3, "n_pre_interval": 32, "n_eff_proxy": 8}}, "criterion": "compute_version_space_size"}
[sound model post-loop] plan_found=True goal_on_gt=True
[online loop] wall 1471.988s  (outer iterations=52, stop_reason='goal', goal_reached=True)
[stop] goal: GT state after full simulated plan satisfies PDDL goals
[timing summary] total plan_model_export=84.943s  total plan_solve=1339.233s  avg plan_model_export/iter=1.634s  avg plan_solve/iter=25.754s
[summary] {'plan_found': 52, 'plan_found_sound': 0, 'plan_found_border': 52, 'plan_found_complete': 0, 'plan_verified': 1, 'plan_spurious': 51, 'no_plan': 0} learn_steps 81 exported_UP_actions_end 4 (started 1056)
# end_utc: 2026-04-15T08:09:54Z
