# argv: ['/home/pablo/espacio_trabajo/VSLAM-Rework/notebooks-rework/run_ucs_baseline.py', '--domain', 'driverlog', '--problem', 'problems/problem-03.pddl', '--benchmarks-root', '/home/pablo/espacio_trabajo/VSLAM-Rework/new_benchmarks', '--results-root', '/home/pablo/espacio_trabajo/VSLAM-Rework/results_blind']
# log_file: /media/datos/pablo/VSLAM-Rework/results_blind/driverlog/problem-03.log
# start_utc: 2026-04-14T20:25:31.514Z
method: blind_ucs_gt_applicable max_expansions=500000 max_wall_sec=5400.0
domain_file: /media/datos/pablo/VSLAM-Rework/new_benchmarks/driverlog/domain_original.pddl
problem_file: /media/datos/pablo/VSLAM-Rework/new_benchmarks/driverlog/problems/problem-03.pddl
Loaded: domain_original.pddl + problem-03.pddl

[ucs]
{
  "outcome": "SOLVED",
  "wall_time_sec": 0.13004819583147764,
  "max_expansions": 500000,
  "max_wall_sec": 5400.0,
  "metric": "none_implicit_unit_cost",
  "optimal_cost": 7.0,
  "expansions": 86,
  "iterations": 87,
  "nodes_generated": 118
}

[gt_replay]
{
  "executable": true,
  "goal_reached": true,
  "steps_executed": 7,
  "reason": null
}

[sound model post-loop] plan_found=True goal_on_gt=True
[online loop] wall 0.130s  (outer iterations=0, stop_reason='ucs', goal_reached=True)
[stop] ucs: outcome='SOLVED' executable=True reason=None
# end_utc: 2026-04-14T20:25:31.702Z
