# argv: ['/home/pablo/espacio_trabajo/VSLAM-Rework/notebooks-rework/run_ucs_baseline.py', '--domain', 'driverlog', '--problem', 'problems/problem-13.pddl', '--benchmarks-root', '/home/pablo/espacio_trabajo/VSLAM-Rework/new_benchmarks', '--results-root', '/home/pablo/espacio_trabajo/VSLAM-Rework/results_blind']
# log_file: /media/datos/pablo/VSLAM-Rework/results_blind/driverlog/problem-13.log
# start_utc: 2026-04-14T20:31:08.944Z
method: blind_ucs_gt_applicable max_expansions=500000 max_wall_sec=5400.0
domain_file: /media/datos/pablo/VSLAM-Rework/new_benchmarks/driverlog/domain_original.pddl
problem_file: /media/datos/pablo/VSLAM-Rework/new_benchmarks/driverlog/problems/problem-13.pddl
Loaded: domain_original.pddl + problem-13.pddl

[ucs]
{
  "outcome": "SOLVED",
  "wall_time_sec": 182.6137449820526,
  "max_expansions": 500000,
  "max_wall_sec": 5400.0,
  "metric": "none_implicit_unit_cost",
  "optimal_cost": 13.0,
  "expansions": 35866,
  "iterations": 35867,
  "nodes_generated": 51550
}

[gt_replay]
{
  "executable": true,
  "goal_reached": true,
  "steps_executed": 13,
  "reason": null
}

[sound model post-loop] plan_found=True goal_on_gt=True
[online loop] wall 182.614s  (outer iterations=0, stop_reason='ucs', goal_reached=True)
[stop] ucs: outcome='SOLVED' executable=True reason=None
# end_utc: 2026-04-14T20:34:11.628Z
